// Jest Snapshot v1, https://goo.gl/fbAQLP

exports[`transmute/updateIn updates a nested Map 1`] = `
Immutable.Map {
  "one": Immutable.Map {
    "two": 3,
  },
}
`;

exports[`transmute/updateIn updates a nested Object 1`] = `
Object {
  "one": Object {
    "two": 3,
  },
}
`;
